[rayyap.com/reservation/index.html]
[backblue.gif]
[fade.gif]
[index.html]
[rayyap.com/wp-content/plugins/click-to-chat-for-whatsapp/new/inc/assets/css/maineb11.css]
[rayyap.com/wp-content/plugins/wpforms/assets/css/wpforms-full.mine945.css]
[rayyap.com/wp-content/plugins/elementor/assets/css/frontend-lite-rtl.min3cad.css]
[rayyap.com/wp-content/plugins/elementor/assets/lib/swiper/v8/css/swiper.min94a4.css]
[rayyap.com/wp-content/uploads/elementor/css/post-5be0d.css]
[rayyap.com/wp-content/uploads/elementor/css/globalbe0d.css]
[rayyap.com/wp-content/uploads/elementor/css/post-25b25b.css]
[rayyap.com/wp-content/themes/woodmart/css/bootstrap-light.min8c10.css]
[rayyap.com/wp-content/themes/woodmart/css/parts/base-rtl.min8c10.css]
[rayyap.com/wp-content/themes/woodmart/css/parts/wp-gutenberg-rtl.min8c10.css]
[rayyap.com/wp-content/themes/woodmart/css/parts/int-elem-base-rtl.min8c10.css]
[rayyap.com/wp-content/themes/woodmart-child/style8c10.css]
[rayyap.com/wp-content/themes/woodmart/css/parts/header-base-rtl.min8c10.css]
[rayyap.com/wp-content/themes/woodmart/css/parts/mod-tools.min8c10.css]
[rayyap.com/wp-content/themes/woodmart/css/parts/header-el-base-rtl.min8c10.css]
[rayyap.com/wp-content/themes/woodmart/css/parts/el-social-icons.min8c10.css]
[rayyap.com/wp-content/themes/woodmart/css/parts/header-el-mobile-nav-dropdown.min8c10.css]
[rayyap.com/wp-content/themes/woodmart/css/parts/page-title.min8c10.css]
[rayyap.com/wp-content/themes/woodmart/css/parts/footer-base-rtl.min8c10.css]
[rayyap.com/wp-content/uploads/2024/05/xts-theme_settings_default-17165220258c10.css]
[rayyap.com/wp-includes/js/jquery/jquery.minf43b.js]
[rayyap.com/wp-includes/js/jquery/jquery-migrate.min5589.js]
[rayyap.com/wp-content/themes/woodmart/js/libs/device.min8c10.js]
[rayyap.com/wp-content/themes/woodmart/js/scripts/global/scrollBar.min8c10.js]
[rayyap.com/wp-content/uploads/2024/05/rayyanlogo.png]
[blogger.googleusercontent.com/img/b/R29vZ2xl/AVvXsEiAKI8nW2hbnhqDGAC62tdYKCZDJPUClZ-7wAHhrPg/s458/57YH.jpg]
[blogger.googleusercontent.com/img/b/R29vZ2xl/AVvXsEiAKI8nW2hbnhqDGAC62tdYKCZDJPUClZ-7wAHhrPg/w640-h640/57YH.jpg]
[rayyap.com/wp-content/plugins/wpforms/pro/assets/css/dropzone.min7404.css]
[rayyap.com/wp-content/plugins/click-to-chat-for-whatsapp/new/inc/assets/js/appeb11.js]
[rayyap.com/wp-content/plugins/elementor/assets/js/webpack.runtime.min3cad.js]
[rayyap.com/wp-content/plugins/elementor/assets/js/frontend-modules.min3cad.js]
[rayyap.com/wp-content/plugins/elementor/assets/lib/waypoints/waypoints.min05da.js]
[rayyap.com/wp-includes/js/jquery/ui/core.min3f14.js]
[rayyap.com/wp-content/plugins/elementor/assets/js/frontend.min3cad.js]
[rayyap.com/wp-includes/js/underscore.mind584.js]
[rayyap.com/wp-includes/js/wp-util.min380f.js]
[rayyap.com/wp-content/plugins/wpforms/assets/js/integrations/elementor/frontend.mine945.js]
[rayyap.com/wp-content/themes/woodmart/js/libs/cookie.min8c10.js]
[rayyap.com/wp-content/themes/woodmart/js/scripts/global/helpers.min8c10.js]
[rayyap.com/wp-content/themes/woodmart/js/scripts/wc/woocommerceNotices.min8c10.js]
[rayyap.com/wp-content/themes/woodmart/js/scripts/header/headerBuilder.min8c10.js]
[rayyap.com/wp-content/themes/woodmart/js/scripts/menu/menuOffsets.min8c10.js]
[rayyap.com/wp-content/themes/woodmart/js/scripts/menu/menuSetUp.min8c10.js]
[rayyap.com/wp-content/themes/woodmart/js/scripts/menu/mobileNavigation.min8c10.js]
[rayyap.com/wp-content/plugins/wpforms/pro/assets/js/vendor/dropzone.min7404.js]
[rayyap.com/wp-content/plugins/wpforms/assets/js/wpforms.mine945.js]
[rayyap.com/wp-content/plugins/wpforms/pro/assets/js/wpforms-file-upload.mine945.js]
[rayyap.com/reservation/index.html]
[rayyap.com/wp-content/plugins/click-to-chat-for-whatsapp/new/inc/assets/css/maineb11.css]
[rayyap.com/wp-content/plugins/wpforms/assets/css/wpforms-full.mine945.css]
[rayyap.com/wp-content/plugins/elementor/assets/css/frontend-lite-rtl.min3cad.css]
[rayyap.com/wp-content/plugins/elementor/assets/lib/swiper/v8/css/swiper.min94a4.css]
[rayyap.com/wp-content/uploads/elementor/css/post-5be0d.css]
[rayyap.com/wp-content/uploads/elementor/css/globalbe0d.css]
[rayyap.com/wp-content/uploads/elementor/css/post-25b25b.css]
[rayyap.com/wp-content/themes/woodmart/css/bootstrap-light.min8c10.css]
[rayyap.com/wp-content/themes/woodmart/css/parts/base-rtl.min8c10.css]
[rayyap.com/wp-content/themes/woodmart/css/parts/wp-gutenberg-rtl.min8c10.css]
[rayyap.com/wp-content/themes/woodmart/css/parts/int-elem-base-rtl.min8c10.css]
[rayyap.com/wp-content/themes/woodmart-child/style8c10.css]
[rayyap.com/wp-content/themes/woodmart/css/parts/header-base-rtl.min8c10.css]
[rayyap.com/wp-content/themes/woodmart/css/parts/mod-tools.min8c10.css]
[rayyap.com/wp-content/themes/woodmart/css/parts/header-el-base-rtl.min8c10.css]
[rayyap.com/wp-content/themes/woodmart/css/parts/el-social-icons.min8c10.css]
[rayyap.com/wp-content/themes/woodmart/css/parts/header-el-mobile-nav-dropdown.min8c10.css]
[rayyap.com/wp-content/themes/woodmart/css/parts/page-title.min8c10.css]
[rayyap.com/wp-content/themes/woodmart/css/parts/footer-base-rtl.min8c10.css]
[rayyap.com/wp-content/uploads/2024/05/xts-theme_settings_default-17165220258c10.css]
[rayyap.com/wp-content/plugins/wpforms/pro/assets/css/dropzone.min7404.css]
[rayyap.com/wp-content/plugins/wpforms/assets/js/jquery.validate.min6134.js]
